Pi(2) : 

[[0,064, 0,245, 0,326, 0,109, 0,091, 0,109, 0,028, 0,028]]

